// Jest Snapshot v1, https://goo.gl/fbAQLP

exports[`transformExpression loose data member support [] member 1`] = `"($getLooseDataMember(data.x, data.a, \\"b\\"))"`;

exports[`transformExpression loose data member support expression member 1`] = `"($getLooseDataMember(data.x, \\"a\\") + $getLooseDataMember(data.x, data.b))"`;

exports[`transformExpression loose data member support interpolate member 1`] = `"'1' + ($getLooseDataMember(data.x, data.a, \\"b\\")) + '2'"`;

exports[`transformExpression loose data member support simple 1`] = `"(data.x)"`;

exports[`transformExpression loose data member support simple member 1`] = `"($getLooseDataMember(data.x, \\"a\\"))"`;
